// Jest Snapshot v1, https://goo.gl/fbAQLP

exports[`renderers correctly 1`] = `
<div
  className="recharts-responsive-container"
  style={
    Object {
      "height": "100%",
      "maxHeight": undefined,
      "minHeight": undefined,
      "minWidth": "300px",
      "width": "80%",
    }
  }
/>
`;
